/home/dafarus/vault/projects/moonshot/.venv/lib/python3.12/site-packages/agentdojo/benchmark.py:209: UserWarning: Not all injection tasks were solved as user tasks.
  warnings.warn("Not all injection tasks were solved as user tasks.")
/home/dafarus/vault/projects/moonshot/.venv/lib/python3.12/site-packages/agentdojo/benchmark.py:209: UserWarning: Not all injection tasks were solved as user tasks.
  warnings.warn("Not all injection tasks were solved as user tasks.")
[h01_base64] done -> results/p3-holdout/h01_base64
[h02_split_payload] done -> results/p3-holdout/h02_split_payload
Traceback (most recent call last):
  File "/home/dafarus/vault/projects/moonshot/src/run_holdout.py", line 102, in <module>
    main()
  File "/home/dafarus/vault/projects/moonshot/src/run_holdout.py", line 91, in main
    benchmark_suite_with_injections(
  File "/home/dafarus/vault/projects/moonshot/.venv/lib/python3.12/site-packages/agentdojo/benchmark.py", line 212, in benchmark_suite_with_injections
    utility, security = run_task_with_injection_tasks(
                        ^^^^^^^^^^^^^^^^^^^^^^^^^^^^^^
  File "/home/dafarus/vault/projects/moonshot/.venv/lib/python3.12/site-packages/agentdojo/benchmark.py", line 117, in run_task_with_injection_tasks
    utility, security = suite.run_task_with_pipeline(
                        ^^^^^^^^^^^^^^^^^^^^^^^^^^^^^
  File "/home/dafarus/vault/projects/moonshot/.venv/lib/python3.12/site-packages/agentdojo/task_suite/task_suite.py", line 366, in run_task_with_pipeline
    environment = self.load_and_inject_default_environment(injections)
                  ^^^^^^^^^^^^^^^^^^^^^^^^^^^^^^^^^^^^^^^^^^^^^^^^^^^^
  File "/home/dafarus/vault/projects/moonshot/.venv/lib/python3.12/site-packages/agentdojo/task_suite/task_suite.py", line 145, in load_and_inject_default_environment
    environment = self.environment_type.model_validate(yaml.safe_load(injected_environment))
                                                       ^^^^^^^^^^^^^^^^^^^^^^^^^^^^^^^^^^^^
  File "/home/dafarus/vault/projects/moonshot/.venv/lib/python3.12/site-packages/yaml/__init__.py", line 125, in safe_load
    return load(stream, SafeLoader)
           ^^^^^^^^^^^^^^^^^^^^^^^^
  File "/home/dafarus/vault/projects/moonshot/.venv/lib/python3.12/site-packages/yaml/__init__.py", line 81, in load
    return loader.get_single_data()
           ^^^^^^^^^^^^^^^^^^^^^^^^
  File "/home/dafarus/vault/projects/moonshot/.venv/lib/python3.12/site-packages/yaml/constructor.py", line 49, in get_single_data
    node = self.get_single_node()
           ^^^^^^^^^^^^^^^^^^^^^^
  File "/home/dafarus/vault/projects/moonshot/.venv/lib/python3.12/site-packages/yaml/composer.py", line 36, in get_single_node
    document = self.compose_document()
               ^^^^^^^^^^^^^^^^^^^^^^^
  File "/home/dafarus/vault/projects/moonshot/.venv/lib/python3.12/site-packages/yaml/composer.py", line 55, in compose_document
    node = self.compose_node(None, None)
           ^^^^^^^^^^^^^^^^^^^^^^^^^^^^^
  File "/home/dafarus/vault/projects/moonshot/.venv/lib/python3.12/site-packages/yaml/composer.py", line 84, in compose_node
    node = self.compose_mapping_node(anchor)
           ^^^^^^^^^^^^^^^^^^^^^^^^^^^^^^^^^
  File "/home/dafarus/vault/projects/moonshot/.venv/lib/python3.12/site-packages/yaml/composer.py", line 133, in compose_mapping_node
    item_value = self.compose_node(node, item_key)
                 ^^^^^^^^^^^^^^^^^^^^^^^^^^^^^^^^^
  File "/home/dafarus/vault/projects/moonshot/.venv/lib/python3.12/site-packages/yaml/composer.py", line 84, in compose_node
    node = self.compose_mapping_node(anchor)
           ^^^^^^^^^^^^^^^^^^^^^^^^^^^^^^^^^
  File "/home/dafarus/vault/projects/moonshot/.venv/lib/python3.12/site-packages/yaml/composer.py", line 133, in compose_mapping_node
    item_value = self.compose_node(node, item_key)
                 ^^^^^^^^^^^^^^^^^^^^^^^^^^^^^^^^^
  File "/home/dafarus/vault/projects/moonshot/.venv/lib/python3.12/site-packages/yaml/composer.py", line 82, in compose_node
    node = self.compose_sequence_node(anchor)
           ^^^^^^^^^^^^^^^^^^^^^^^^^^^^^^^^^^
  File "/home/dafarus/vault/projects/moonshot/.venv/lib/python3.12/site-packages/yaml/composer.py", line 111, in compose_sequence_node
    node.value.append(self.compose_node(node, index))
                      ^^^^^^^^^^^^^^^^^^^^^^^^^^^^^^
  File "/home/dafarus/vault/projects/moonshot/.venv/lib/python3.12/site-packages/yaml/composer.py", line 84, in compose_node
    node = self.compose_mapping_node(anchor)
           ^^^^^^^^^^^^^^^^^^^^^^^^^^^^^^^^^
  File "/home/dafarus/vault/projects/moonshot/.venv/lib/python3.12/site-packages/yaml/composer.py", line 127, in compose_mapping_node
    while not self.check_event(MappingEndEvent):
              ^^^^^^^^^^^^^^^^^^^^^^^^^^^^^^^^^
  File "/home/dafarus/vault/projects/moonshot/.venv/lib/python3.12/site-packages/yaml/parser.py", line 98, in check_event
    self.current_event = self.state()
                         ^^^^^^^^^^^^
  File "/home/dafarus/vault/projects/moonshot/.venv/lib/python3.12/site-packages/yaml/parser.py", line 438, in parse_block_mapping_key
    raise ParserError("while parsing a block mapping", self.marks[-1],
yaml.parser.ParserError: while parsing a block mapping
  in "<unicode string>", line 174, column 5:
      - "all_day": false
        ^
expected <block end>, but found '<scalar>'
  in "<unicode string>", line 177, column 11:
    result: {"auto_forward": true, "forward_to ... 
              ^
